TAP version 14
# Subtest: Sample
    # Subtest: Check various conditions
        ok 1 - answer eq 42
        ok 2 - answer ne 43
        ok 3 - answer lt 43
        ok 4 - answer le 42
        ok 5 - answer gt 43
        ok 6 - answer ge 42
        ok 7 - condition is true
        1..7
    ok 1 - Check various conditions # { passed, 7 checks }
    # Subtest: Check various conditions with operators
        ok 1 - answer == 42 (with literal)
        ok 2 - answer == 42 (with cast)
        ok 3 - answer != 43
        ok 4 - answer < 43
        ok 5 - answer <= 42
        ok 6 - answer > 43
        ok 7 - answer >= 42
        1..7
    ok 2 - Check various conditions with operators # { passed, 7 checks }
    # Subtest: Check strings
        ok 1 - ultimate answer is 'fortytwo'
        1..1
    ok 3 - Check strings # { passed, 1 check }
    # Subtest: Check strings with operators
        ok 1 - ultimate answer == 'fortytwo'
        1..1
    ok 4 - Check strings with operators # { passed, 1 check }
    # Subtest: Check compound conditions
        ok 1 - logical 'and' expression
        1..1
    ok 5 - Check compound conditions # { passed, 1 check }
    # Subtest: Check compound conditions with operators
        ok 1 - logical 'and' expression with operators
        1..1
    ok 6 - Check compound conditions with operators # { passed, 1 check }
    # Subtest: Check multiple function invocations
        ok 1 - lambda returns 42
        ok 2 - lambda returns 43
        1..2
    ok 7 - Check multiple function invocations # { passed, 2 checks }
    # Subtest: Check args
        ok 1 - argc >= 2
        ok 2 - argv[1] is 'one'
        ok 3 - argv[2] is 'two'
        1..3
    ok 8 - Check args # { passed, 3 checks }
    # Subtest: Check complex logic
        ok 1 - xyz passed
        1..1
    ok 9 - Check complex logic # { passed, 1 check }
    # Subtest: Check if exceptions are thrown
        ok 1 - exception thrown
        ok 2 - std::runtime_error thrown
        1..2
    ok 10 - Check if exceptions are thrown # { passed, 2 checks }
    # Subtest: Check if exceptions are not thrown
        ok 1 - exception not thrown
        1..1
    ok 11 - Check if exceptions are not thrown # { passed, 1 check }
    # Subtest: Check containers
        ok 1 - vector{ 1, 2 } eq vector{ 1, 2 }
        ok 2 - vector{ 1, 2, 3 } ne vector{ 1, 2, 4 }
        1..2
    ok 12 - Check containers # { passed, 2 checks }
    # Subtest: Check containers with operators
        ok 1 - vector{ 1, 2 } == vector{ 1, 2 }
        ok 2 - vector{ 1, 2, 3 } != vector{ 1, 2, 4 }
        1..2
    ok 13 - Check containers with operators # { passed, 2 checks }
    1..13
ok 1 - Sample # { passed, 31 checks in 13 test cases }
# Subtest: Explicit namespace suite
    # Subtest: Check one
        ok 1 - Passed
        1..1
    ok 1 - Check one # { passed, 1 check }
    # Subtest: Check two
        ok 1 - Passed
        1..1
    ok 2 - Check two # { passed, 1 check }
    1..2
ok 2 - Explicit namespace suite # { passed, 2 checks in 2 test cases }
# Subtest: Implicit namespace suite
    # Subtest: Check one
        ok 1 - Passed
        1..1
    ok 1 - Check one # { passed, 1 check }
    # Subtest: Check two
        ok 1 - Passed
        1..1
    ok 2 - Check two # { passed, 1 check }
    1..2
ok 3 - Implicit namespace suite # { passed, 2 checks in 2 test cases }
# Subtest: Args suite
    # Subtest: args
        ok 1 - ic is 42
        ok 2 - iv is 43
        ok 3 - ir is 44
        ok 4 - *ip1 is 45
        ok 5 - *ip2 is 46
        1..5
    ok 1 - args # { passed, 5 checks }
    1..1
ok 4 - Args suite # { passed, 5 checks in 1 test case }
1..4
# { total: 40 checks passed, 0 failed, in 18 test cases, 4 test suites }
